    1  passwd
    2  wget www.github.com
    3  pwd
    4  git init
    5  wget www.github.com
    6  history > cmds.log
    7  wget www.github.com
    8  cd C:/Users/jenny/git
    9  git init
   10  wget www.github.com
   11  git commit -m "upload files"
   12  git push
   13  git remote add origin https://github.com/Jennyyyy0212/cs131.git
   14  git branch -M main
   15  git push -u origin main
   16  ls
   17  mkdir cs131
   18  ls
   19  cd cs131
   20  git init
   21  git remote add origin https://github.com/Jennyyyy0212/cs131.git
   22  mkdir ws1
   23  cd
   24  ls
   25  mv cmds.log cs131/ws1
   26  ls
   27  cd cs131/ws1
   28  ls
   29  cd ..
   30  git add .
   31  git status
   32  git commit -m "first commit"
   33  git config user.name "Jenny"
   34  git commit -m "first commit"
   35  git status
   36  git push origin master
   37  Username for 'https://github.com': Jennyyyy0212
   38  git push origin master
   39  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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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
   40  git push origin master
   41  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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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
   42  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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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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
   43  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
   44  git push origin master
   45  Initialized empty Git repository in /mnt/scratch/an-chieh23sp/cs131/.git/
   46  [an-chieh23sp@sjsu cs131]$ git remote add origin https://github.com/Jennyyyy0212/cs131.git
   47  [an-chieh23sp@sjsu cs131]$ mkdir ws1
   48  [an-chieh23sp@sjsu cs131]$ cd
   49  [an-chieh23sp@sjsu ~]$ ls
   50  cmds.log  cs131  index.html  index.html.1  index.html.2  index.html.3
   51  [an-chieh23sp@sjsu ~]$
   52  [an-chieh23sp@sjsu ~]$ mv cmds.log cs131/ws1
   53  [an-chieh23sp@sjsu ~]$ ls
   54  cs131  index.html  index.html.1  index.html.2  index.html.3
   55  [an-chieh23sp@sjsu ~]$ cd cs131/ws1
   56  [an-chieh23sp@sjsu ws1]$ ls
   57  cmds.log
   58  [an-chieh23sp@sjsu ws1]$ cd ..
   59  [an-chieh23sp@sjsu cs131]$ git add .
   60  [an-chieh23sp@sjsu cs131]$ git status
   61  On branch master
   62  No commits yet
   63  Changes to be committed:
   64    (use "git rm --cached <file>..." to unstage)
   65          new file:   ws1/cmds.log
   66  [an-chieh23sp@sjsu cs131]$ git commit -m "first commit"
   67  Author identity unknown
   68  *** Please tell me who you are.
   69  Run
   70    git config --global user.email "you@example.com"
   71    git config --global user.name "Your Name"
   72  to set your account's default identity.
   73  Omit --global to set the identity only in this repository.
   74  fatal: empty ident name (for <an-chieh23sp@sjsu.pub.pic2.ibm.com>) not allowed
   75  [an-chieh23sp@sjsu cs131]$ git config user.name "Jenny"
   76  [an-chieh23sp@sjsu cs131]$ git commit -m "first commit"
   77  [master (root-commit) 9d89edf] first commit
   78   Committer: Jenny <an-chieh23sp@sjsu.pub.pic2.ibm.com>
   79  Your name and email address were configured automatically based
   80  on your username and hostname. Please check that they are accurate.
   81  You can suppress this message by setting them explicitly. Run the
   82  following command and follow the instructions in your editor to edit
   83  your configuration file:
   84      git config --global --edit
   85  After doing this, you may fix the identity used for this commit with:
   86      git commit --amend --reset-author
   87   1 file changed, 6 insertions(+)
   88   create mode 100644 ws1/cmds.log
   89  [an-chieh23sp@sjsu cs131]$ git status
   90  On branch master
   91  nothing to commit, working tree clean
   92  [an-chieh23sp@sjsu cs131]$ git push origin master
   93  mkdir ws2
   94  ls
   95  wget https://s3.amazonaws.com/amazon-reviews-pds/tsv/amazon_reviews_us_Books_v1_02.tsv.gz
   96  unzip amazon_reviews_us_Books_v1_02.tsv.gz
   97  ls
   98  gunzip amazon_reviews_us_Books_v1_02.tsv.gz
   99  ls
  100  grep --help
  101  grep verified amazon_reviews_us_Books_v1_02.tsv
  102  PuTTY
  103  ls
  104  sort searchfile.txt
  105   searchfile.txt
  106  ls
  107  grep --help
  108  grep verified amazon_reviews_us_Books_v1_02.tsv
  109  PuTTY > verfied.txt
  110  touch counts.txt
  111  ls
  112  wc grep verified amazon_reviews_us_Books_v1_02.tsv
  113  wc -l grep verified amazon_reviews_us_Books_v1_02.tsv
  114  wc -l grep verified amazon_reviews_us_Books_v1_02.tsv > counts.txt
  115  counts.txt
  116  ls
  117  wc -l grep unverified amazon_reviews_us_Books_v1_02.tsv >> counts.txt
  118  grep unverified amazon_reviews_us_Books_v1_02.tsv | wc -l
  119  99grep unverified amazon_reviews_us_Books_v1_02.tsv | wc -l
  120  99grep verified amazon_reviews_us_Books_v1_02.tsv | wc -l
  121  grep verified amazon_reviews_us_Books_v1_02.tsv | wc -l
  122  grep verified amazon_reviews_us_Books_v1_02.tsv | wc -l > counts.txt
  123   grep verified amazon_reviews_us_Books_v1_02.tsv | wc -l > counts.txt
  124   grep verified amazon_reviews_us_Books_v1_02.tsv | wc -w >> counts.txt
  125  grep unverified amazon_reviews_us_Books_v1_02.tsv | wc -l >> counts.txt
  126   grep unverified amazon_reviews_us_Books_v1_02.tsv | wc -w >> counts.txt
  127  cat counts.txt
  128  vi counts.txt
  129  cat counts.txt
  130  mv counts.txt cs131/ws2
  131  ls
  132  cd cs131
  133  ls
  134  cd ws2
  135  ls
  136  history > cmds.log
  137  ls
  138  git -commit "use wc grep and vi mode"
  139  git add
  140  git add .
  141  git -commit "use wc grep and vi mode"
  142  git commit -m "use wc grep and vi mode"
  143  git status
  144  git push origin master
  145  ls
  146  less amazon_reviews_us_Books_v1_02.tsv 
  147  ls
  148  grep -E $'(.*\t){11}Y\t' amazon_reviews_us_Books_v1_02.tsv |wc -l
  149  grep -Ev $'(.*\t){11}Y\t' amazon_reviews_us_Books_v1_02.tsv |wc -l
  150  printenv | less
  151  export DATETIME=`date "+%Y%m%d_%H%M%S"`
  152  echo $DATETIME
  153  unset $DATETIME
  154  echo $DATETIME
  155  unset DATETIME
  156  echo $DATETIME
  157  date
  158  date> out.txt
  159  cat out.text
  160  cat out.txt
  161  vim out.txt
  162  date 1> out.txt
  163  cat out.txt
  164  date 2> err.txt
  165  cat err.txt
  166  ls
  167  ls huhuhujghuj
  168  ls gguguygug 2> err.txt
  169  cat err.txt
  170  date >out.txt
  171  cat date
  172  catout.txt
  173  cat out/txt
  174  cat out.txt
  175  ls >> out.txt
  176  cat out.txt
  177  ls >> out2.txt
  178  cat out2.txt
  179  ls -i
  180  state err.txt
  181  stat err.txt
  182  stat cs131
  183  echo $?
  184  ls gyuguyugu
  185  echo $?
  186  vim sample.txt
  187  ls
  188  cat sample.txt
  189  vim sample.txt
  190  ls -a
  191  vim .bashrc
  192  cat .bashrc
  193  ls -latr
  194  source .bashrc
  195  ls -a
  196  vim .bachrc
  197  vim .bashrc
  198  rm .bachrc
  199  source .bashrc
  200  lll
  201  ls
  205  cat amazon_reviews_us_Books_v1_02.tsv
  206  head amazon_reviews_us_Books_v1_02.tsv
  207  head  amazon_reviews_us_Books_v1_02.tsv
  208  less  amazon_reviews_us_Books_v1_02.tsv
  209  ls
  210  head amazon_reviews_us_Books_v1_02.tsv
  211  cut -c $'(.*\t){1}' amazon_reviews_us_Books_v1_02.tsv
  212  cut --help
  213  cat amazon_reviews_us_Electronics_v1_00.tsv | awk -F '\t' '{print $1}' | sort | uniq -c | sort -nr | head -n 3
  214  cut -f 1 amazon_reviews_us_Books_v1_02.tsv | sort | uniq -c | sort -rn | head -n 3
  215  cut -f 2 amazon_reviews_us_Books_v1_02.tsv | sort | uniq -c | sort -rn | head -n 3
  216   cut -f 2 amazon_reviews_us_Books_v1_02.tsv | sort | uniq -c | sort -rn | head -n 3
  217  cut -f 2 amazon_reviews_us_Books_v1_02.tsv | sort | uniq -c | sort -rn | head -n 3 > ws3.txt
  218  cat ws3.txt
  219  cut -f 4 amazon_reviews_us_Books_v1_02.tsv | sort | uniq -c | sort -rn | head -n 3 
  220  cut -f 4 amazon_reviews_us_Books_v1_02.tsv | sort | uniq -c | sort -rn | head -n 3 >> ws3.txt
  221  cat ws3.txt
  222  ls
  223  cd cs131
  224  mkdir ws3
  225  ls
  227  cd ..
  228  mv ws3.txt cs131/ws3
  229  ls
  232  cd cs131
  233  ws3
  234  cd ws3
  235  ls
  236  vi ws3.txt
  237  cat ws3.txt
  238  history > cmds.log
  239  ls
  240  vim cmds.log
