    1  passwd
    2  wget www.github.com
    3  pwd
    4  git init
    5  wget www.github.com
    6  history > cmds.log
    7  wget www.github.com
    8  cd C:/Users/jenny/git
    9  git init
   10  wget www.github.com
   11  git commit -m "upload files"
   12  git push
   13  git remote add origin https://github.com/Jennyyyy0212/cs131.git
   14  git branch -M main
   15  git push -u origin main
   16  ls
   17  mkdir cs131
   18  ls
   19  cd cs131
   20  git init
   21  git remote add origin https://github.com/Jennyyyy0212/cs131.git
   22  mkdir ws1
   23  cd
   24  ls
   25  mv cmds.log cs131/ws1
   26  ls
   27  cd cs131/ws1
   28  ls
   29  cd ..
   30  git add .
   31  git status
   32  git commit -m "first commit"
   33  git config user.name "Jenny"
   34  git commit -m "first commit"
   35  git status
   36  git push origin master
   37  Username for 'https://github.com': Jennyyyy0212
   38  git push origin master
   39  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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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
   40  git push origin master
   41  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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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
   42  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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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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
   43  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
   44  git push origin master
   45  Initialized empty Git repository in /mnt/scratch/an-chieh23sp/cs131/.git/
   46  [an-chieh23sp@sjsu cs131]$ git remote add origin https://github.com/Jennyyyy0212/cs131.git
   47  [an-chieh23sp@sjsu cs131]$ mkdir ws1
   48  [an-chieh23sp@sjsu cs131]$ cd
   49  [an-chieh23sp@sjsu ~]$ ls
   50  cmds.log  cs131  index.html  index.html.1  index.html.2  index.html.3
   51  [an-chieh23sp@sjsu ~]$
   52  [an-chieh23sp@sjsu ~]$ mv cmds.log cs131/ws1
   53  [an-chieh23sp@sjsu ~]$ ls
   54  cs131  index.html  index.html.1  index.html.2  index.html.3
   55  [an-chieh23sp@sjsu ~]$ cd cs131/ws1
   56  [an-chieh23sp@sjsu ws1]$ ls
   57  cmds.log
   58  [an-chieh23sp@sjsu ws1]$ cd ..
   59  [an-chieh23sp@sjsu cs131]$ git add .
   60  [an-chieh23sp@sjsu cs131]$ git status
   61  On branch master
   62  No commits yet
   63  Changes to be committed:
   64    (use "git rm --cached <file>..." to unstage)
   65          new file:   ws1/cmds.log
   66  [an-chieh23sp@sjsu cs131]$ git commit -m "first commit"
   67  Author identity unknown
   68  *** Please tell me who you are.
   69  Run
   70    git config --global user.email "you@example.com"
   71    git config --global user.name "Your Name"
   72  to set your account's default identity.
   73  Omit --global to set the identity only in this repository.
   74  fatal: empty ident name (for <an-chieh23sp@sjsu.pub.pic2.ibm.com>) not allowed
   75  [an-chieh23sp@sjsu cs131]$ git config user.name "Jenny"
   76  [an-chieh23sp@sjsu cs131]$ git commit -m "first commit"
   77  [master (root-commit) 9d89edf] first commit
   78   Committer: Jenny <an-chieh23sp@sjsu.pub.pic2.ibm.com>
   79  Your name and email address were configured automatically based
   80  on your username and hostname. Please check that they are accurate.
   81  You can suppress this message by setting them explicitly. Run the
   82  following command and follow the instructions in your editor to edit
   83  your configuration file:
   84      git config --global --edit
   85  After doing this, you may fix the identity used for this commit with:
   86      git commit --amend --reset-author
   87   1 file changed, 6 insertions(+)
   88   create mode 100644 ws1/cmds.log
   89  [an-chieh23sp@sjsu cs131]$ git status
   90  On branch master
   91  nothing to commit, working tree clean
   92  [an-chieh23sp@sjsu cs131]$ git push origin master
   93  mkdir ws2
   94  ls
   95  grep verified amazon_reviews_us_Books_v1_02.tsv
   96  PuTTY > verfied.txt
   97  touch counts.txt
   98  ls
   99  wc grep verified amazon_reviews_us_Books_v1_02.tsv
  100  wc -l grep verified amazon_reviews_us_Books_v1_02.tsv
  101  wc -l grep verified amazon_reviews_us_Books_v1_02.tsv > counts.txt
  102  counts.txt
  103  ls
  104  wc -l grep unverified amazon_reviews_us_Books_v1_02.tsv >> counts.txt
  105  grep unverified amazon_reviews_us_Books_v1_02.tsv | wc -l
  106  99grep unverified amazon_reviews_us_Books_v1_02.tsv | wc -l
  107  99grep verified amazon_reviews_us_Books_v1_02.tsv | wc -l
  108  grep verified amazon_reviews_us_Books_v1_02.tsv | wc -l
  109  grep verified amazon_reviews_us_Books_v1_02.tsv | wc -l > counts.txt
  110   grep verified amazon_reviews_us_Books_v1_02.tsv | wc -l > counts.txt
  111   grep verified amazon_reviews_us_Books_v1_02.tsv | wc -w >> counts.txt
  112  grep unverified amazon_reviews_us_Books_v1_02.tsv | wc -l >> counts.txt
  113   grep unverified amazon_reviews_us_Books_v1_02.tsv | wc -w >> counts.txt
  114  cat counts.txt
  115  vi counts.txt
  116  cat counts.txt
  117  mv counts.txt cs131/ws2
  118  ls
  119  cd cs131
  120  ls
  121  cd ws2
  122  ls
  123  history > cmds.log
