    1  passwd
    2  wget www.github.com
    3  pwd
    4  git init
    5  wget www.github.com
    6  history > cmds.log
    7  wget www.github.com
    8  cd C:/Users/jenny/git
    9  git init
   10  wget www.github.com
   11  git commit -m "upload files"
   12  git push
   13  git remote add origin https://github.com/Jennyyyy0212/cs131.git
   14  git branch -M main
   15  git push -u origin main
   16  ls
   17  mkdir cs131
   18  ls
   19  cd cs131
   20  git init
   21  git remote add origin https://github.com/Jennyyyy0212/cs131.git
   22  mkdir ws1
   23  cd
   24  ls
   25  mv cmds.log cs131/ws1
   26  ls
   27  cd cs131/ws1
   28  ls
   29  cd ..
   30  git add .
   31  git status
   32  git commit -m "first commit"
   33  git config user.name "Jenny"
   34  git commit -m "first commit"
   35  git status
   36  git push origin master
   37  Username for 'https://github.com': Jennyyyy0212
   38  git push origin master
   39  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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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
   40  git push origin master
   41  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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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
   42  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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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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
   43  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
   44  git push origin master
   45  Initialized empty Git repository in /mnt/scratch/an-chieh23sp/cs131/.git/
   46  [an-chieh23sp@sjsu cs131]$ git remote add origin https://github.com/Jennyyyy0212/cs131.git
   47  [an-chieh23sp@sjsu cs131]$ mkdir ws1
   48  [an-chieh23sp@sjsu cs131]$ cd
   49  [an-chieh23sp@sjsu ~]$ ls
   50  cmds.log  cs131  index.html  index.html.1  index.html.2  index.html.3
   51  [an-chieh23sp@sjsu ~]$
   52  [an-chieh23sp@sjsu ~]$ mv cmds.log cs131/ws1
   53  [an-chieh23sp@sjsu ~]$ ls
   54  cs131  index.html  index.html.1  index.html.2  index.html.3
   55  [an-chieh23sp@sjsu ~]$ cd cs131/ws1
   56  [an-chieh23sp@sjsu ws1]$ ls
   57  cmds.log
   58  [an-chieh23sp@sjsu ws1]$ cd ..
   59  [an-chieh23sp@sjsu cs131]$ git add .
   60  [an-chieh23sp@sjsu cs131]$ git status
   61  On branch master
   62  No commits yet
   63  Changes to be committed:
   64    (use "git rm --cached <file>..." to unstage)
   65          new file:   ws1/cmds.log
   66  [an-chieh23sp@sjsu cs131]$ git commit -m "first commit"
   67  Author identity unknown
   68  *** Please tell me who you are.
   69  Run
   70    git config --global user.email "you@example.com"
   71    git config --global user.name "Your Name"
   72  to set your account's default identity.
   73  Omit --global to set the identity only in this repository.
   74  fatal: empty ident name (for <an-chieh23sp@sjsu.pub.pic2.ibm.com>) not allowed
   75  [an-chieh23sp@sjsu cs131]$ git config user.name "Jenny"
   76  [an-chieh23sp@sjsu cs131]$ git commit -m "first commit"
   77  [master (root-commit) 9d89edf] first commit
   78   Committer: Jenny <an-chieh23sp@sjsu.pub.pic2.ibm.com>
   79  Your name and email address were configured automatically based
   80  on your username and hostname. Please check that they are accurate.
   81  You can suppress this message by setting them explicitly. Run the
   82  following command and follow the instructions in your editor to edit
   83  your configuration file:
   84      git config --global --edit
   85  After doing this, you may fix the identity used for this commit with:
   86      git commit --amend --reset-author
   87   1 file changed, 6 insertions(+)
   88   create mode 100644 ws1/cmds.log
   89  [an-chieh23sp@sjsu cs131]$ git status
   90  On branch master
   91  nothing to commit, working tree clean
   92  [an-chieh23sp@sjsu cs131]$ git push origin master
   93  mkdir ws2
   94  ls
   95  wget https://s3.amazonaws.com/amazon-reviews-pds/tsv/amazon_reviews_us_Books_v1_02.tsv.gz
   96  unzip amazon_reviews_us_Books_v1_02.tsv.gz
   97  ls
   98  gunzip amazon_reviews_us_Books_v1_02.tsv.gz
   99  ls
  100  grep --help
  101  grep verified amazon_reviews_us_Books_v1_02.tsv
  102  PuTTY
  103  ls
  104  sort searchfile.txt
  105   searchfile.txt
  106  ls
  107  grep --help
  108  grep verified amazon_reviews_us_Books_v1_02.tsv
  109  PuTTY > verfied.txt
  110  touch counts.txt
  111  ls
  112  wc grep verified amazon_reviews_us_Books_v1_02.tsv
  113  wc -l grep verified amazon_reviews_us_Books_v1_02.tsv
  114  wc -l grep verified amazon_reviews_us_Books_v1_02.tsv > counts.txt
  115  counts.txt
  116  ls
  117  wc -l grep unverified amazon_reviews_us_Books_v1_02.tsv >> counts.txt
  118  grep unverified amazon_reviews_us_Books_v1_02.tsv | wc -l
  119  99grep unverified amazon_reviews_us_Books_v1_02.tsv | wc -l
  120  99grep verified amazon_reviews_us_Books_v1_02.tsv | wc -l
  121  grep verified amazon_reviews_us_Books_v1_02.tsv | wc -l
  122  grep verified amazon_reviews_us_Books_v1_02.tsv | wc -l > counts.txt
  123   grep verified amazon_reviews_us_Books_v1_02.tsv | wc -l > counts.txt
  124   grep verified amazon_reviews_us_Books_v1_02.tsv | wc -w >> counts.txt
  125  grep unverified amazon_reviews_us_Books_v1_02.tsv | wc -l >> counts.txt
  126   grep unverified amazon_reviews_us_Books_v1_02.tsv | wc -w >> counts.txt
  127  cat counts.txt
  128  vi counts.txt
  129  cat counts.txt
  130  mv counts.txt cs131/ws2
  131  ls
  132  cd cs131
  133  ls
  134  cd ws2
  135  ls
  136  history > cmds.log
  137  ls
  138  git -commit "use wc grep and vi mode"
  139  git add
  140  git add .
  141  git -commit "use wc grep and vi mode"
  142  git commit -m "use wc grep and vi mode"
  143  git status
  144  git push origin master
  145  ls
  146  less amazon_reviews_us_Books_v1_02.tsv 
  147  ls
  148  grep -E $'(.*\t){11}Y\t' amazon_reviews_us_Books_v1_02.tsv |wc -l
  149  grep -Ev $'(.*\t){11}Y\t' amazon_reviews_us_Books_v1_02.tsv |wc -l
  150  printenv | less
  151  export DATETIME=`date "+%Y%m%d_%H%M%S"`
  152  echo $DATETIME
  153  unset $DATETIME
  154  echo $DATETIME
  155  unset DATETIME
  156  echo $DATETIME
  157  date
  158  date> out.txt
  159  cat out.text
  160  cat out.txt
  161  vim out.txt
  162  date 1> out.txt
  163  cat out.txt
  164  date 2> err.txt
  165  cat err.txt
  166  ls
  167  ls huhuhujghuj
  168  ls gguguygug 2> err.txt
  169  cat err.txt
  170  date >out.txt
  171  cat date
  172  catout.txt
  173  cat out/txt
  174  cat out.txt
  175  ls >> out.txt
  176  cat out.txt
  177  ls >> out2.txt
  178  cat out2.txt
  179  ls -i
  180  state err.txt
  181  stat err.txt
  182  stat cs131
  183  echo $?
  184  ls gyuguyugu
  185  echo $?
  186  vim sample.txt
  187  ls
  188  cat sample.txt
  189  vim sample.txt
  190  ls -a
  191  vim .bashrc
  192  cat .bashrc
  193  ls -latr
  194  source .bashrc
  195  ls -a
  196  vim .bachrc
  197  vim .bashrc
  198  rm .bachrc
  199  source .bashrc
  200  lll
  201  ls
  202  amazon_reviews_us_Books_v1_02.tsv
  203  show amazon_reviews_us_Books_v1_02.tsv
  204  git show amazon_reviews_us_Books_v1_02.tsv
  205  cat amazon_reviews_us_Books_v1_02.tsv
  206  head amazon_reviews_us_Books_v1_02.tsv
  207  head  amazon_reviews_us_Books_v1_02.tsv
  208  less  amazon_reviews_us_Books_v1_02.tsv
  209  ls
  210  head amazon_reviews_us_Books_v1_02.tsv
  211  cut -c $'(.*\t){1}' amazon_reviews_us_Books_v1_02.tsv
  212  cut --help
  213  cat amazon_reviews_us_Electronics_v1_00.tsv | awk -F '\t' '{print $1}' | sort | uniq -c | sort -nr | head -n 3
  214  cut -f 1 amazon_reviews_us_Books_v1_02.tsv | sort | uniq -c | sort -rn | head -n 3
  215  cut -f 2 amazon_reviews_us_Books_v1_02.tsv | sort | uniq -c | sort -rn | head -n 3
  216   cut -f 2 amazon_reviews_us_Books_v1_02.tsv | sort | uniq -c | sort -rn | head -n 3
  217  cut -f 2 amazon_reviews_us_Books_v1_02.tsv | sort | uniq -c | sort -rn | head -n 3 > ws3.txt
  218  cat ws3.txt
  219  cut -f 4 amazon_reviews_us_Books_v1_02.tsv | sort | uniq -c | sort -rn | head -n 3 
  220  cut -f 4 amazon_reviews_us_Books_v1_02.tsv | sort | uniq -c | sort -rn | head -n 3 >> ws3.txt
  221  cat ws3.txt
  222  ls
  223  cd cs131
  224  mkdir ws3
  225  ls
  226  cd..
  227  cd ..
  228  mv ws3.txt cs131/ws3
  229  ls
  230  cs131
  231  cd cd131
  232  cd cs131
  233  ws3
  234  cd ws3
  235  ls
  236  vi ws3.txt
  237  cat ws3.txt
  238  history > cmds.log
  239  ls
  240  vim cmds.log
  241  history
  242  history > cmds.log
  243  cat cmds.log
  244  vim cmds.log
  245  vi cmds.log
  246  vi ws3/cmds.log 
  247  ls
  248  cmds.log
  249  cat cmds.log
  250  cd cs131\ws3
  251  cd cd131/ws3
  252  cd cs131/ws3
  253  ls
  254  cat cmds.log
  255  vim cmds.log
  256  vim ws3/cmds.log
  257  vi cmds.log
  258  git commit -m "use the commands cut, sort, uniq -c" 
  259  git add
  260  git add .
  261  git commit -m "use the commands cut, sort, uniq -c"
  262  git status
  263  git push origin master
  264  vim .bash_aliases
  265  cat .bash_aliases
  266  source .bashrc
  267  lll
  268  echo '$PATH'
  269  echo "$PATH"
  270  echo `$PATH`
  271  id -u
  272  chown 1067 cs131
  273  ls 
  274  ls -l
  275  vim samplef.txt
  276  cat samplef.txt
  277  sort -g samplef.txt
  278  sort - g smaplef.txt | uniq -c
  279  sort -g smaplef.txt | uniq -c
  280  ls
  281  cut -f2 amazon_reviews_us_Books_v1_02.tsv > temp.txt
  282  cat temp.txt
  283  ls
  284  sort -g samplef.txt
  285  sort -g samplef.txt |uniq -c
  286  less temp.txt
  287  mkdir temp
  288  cd temp
  289  ls -a
  290  find . f -empty
  291  find . -P f -empty
  292  find . -type f -empty
  293  ls
  294  cd cs131
  295  ls
  296  cd..
  297  cd ..
  298  ls
  299  vim .bashrc
  300  cat .bashrc
  301  source .bashrc
  302  w
  303  l
  304  script ws4.txt
  305  mkdir CUSTOMERS
  306  mkdir PRODUCTS
  307  amazon_reviews_us_Books_v1_02.tsv less
  308  less amazon_reviews_us_Books_v1_02.tsv
  309  grep "48541186" amazon_reviews_us_Books_v1_02.tsv | cut -f 9 > CUSTOMERS/48541186.txt
  310  cat CUSTOMERS/48541186.txt
  311  grep "50732546" amazon_reviews_us_Books_v1_02.tsv | cut -f 9 > CUSTOMERS/50732546.txt
  312  cat CUSTOMERS/50732546.txt
  313  less CUSTOMERS/50732546.txt
  314* grep "^0001055178" amazon_reviews_us_Books_v1_02.tsv | cut -f8,9 > PRODUCTS/0001055178.txt
  315  grep "60875410" amazon_reviews_us_Books_v1_02.tsv | cut -f 9 > PRODUCTS/60875410.txt
  316  cat PRODUCTS/60875410.txt
  317  grep "60875410" amazon_reviews_us_Books_v1_02.tsv | cut -f 9,10 > PRODUCTS/60875410.txt
  318  grep "50732546" amazon_reviews_us_Books_v1_02.tsv | cut -f 9,10 > CUSTOMERS/50732546.txt
  319  less CUSTOMERS/50732546.txt
  320  paste CUSTOMERS/A32T2H8150OJLU.txt | awk '{sum+=$2/$3} END {^Cint sum/NR}' | bc
  321  paste CUSTOMERS/50732546.txt | awk '{sum+=$1/$2} END {print sum/NR}' | bc
  322  ls
  323  less CUSTOMERS/50732546.txt
  324  paste CUSTOMERS/50732546.txt | awk '{if ($1 !=0)sum+=$1/$2} END {print sum/NR}' | bc
  325  paste CUSTOMERS/50732546.txt | awk '{if ($1 !=0)sum+=$1/$2} END {print sum/NR*100}' | bc
  326  paste CUSTOMERS/50732546.txt | awk '{if ($1 !=0)sum+=$1/$2} END {print sum/NR*100}' | bc >  meanScore.txt
  327  paste PRODUCTS/60875410.txt | awk '{if ($1 !=0)sum+=$1/$2} END {print sum/NR*100}' | bc >>  meanScore.txt
  328  cat meanScore.txt
  329  vim meanScore.txt
  330  cd cs131
  331  ls
  332  mkdir ws4
  333  ls
  334  cd ..
  335  mv PRODUCTS cs131/ws4
  336  mv CUSTOMERS cs131/ws4
  337  LS
  338  ls
  339  mv ws4.txt cs131/ws4
  340  mv meanScore.txt cs131/ws4
  341  cd cs131
  342  cd ws4
  343  ls
  344  cd CUSTOMERS 
  345  ls
  346  rm 48541186.txt
  347  ls
  348  cd .. 
  349  history > cmds.log
